------------------------------------------------------------
Timing Analyzer Summary
------------------------------------------------------------

Type  : Slow 1100mV 85C Model Setup 'SCOMP:inst|IO_CYCLE'
Slack : -12.804
TNS   : -453.180

Type  : Slow 1100mV 85C Model Setup 'inst1|pll_main_inst|altera_pll_i|general[0].gpll~PLL_OUTPUT_COUNTER|divclk'
Slack : -6.517
TNS   : -96.588

Type  : Slow 1100mV 85C Model Setup 'clk_div:inst5|clock_10Hz'
Slack : -1.738
TNS   : -38.265

Type  : Slow 1100mV 85C Model Hold 'inst1|pll_main_inst|altera_pll_i|general[0].gpll~PLL_OUTPUT_COUNTER|divclk'
Slack : -0.510
TNS   : -0.510

Type  : Slow 1100mV 85C Model Hold 'clk_div:inst5|clock_10Hz'
Slack : 0.404
TNS   : 0.000

Type  : Slow 1100mV 85C Model Hold 'SCOMP:inst|IO_CYCLE'
Slack : 1.453
TNS   : 0.000

Type  : Slow 1100mV 85C Model Recovery 'clk_div:inst5|clock_10Hz'
Slack : -8.712
TNS   : -235.168

Type  : Slow 1100mV 85C Model Removal 'clk_div:inst5|clock_10Hz'
Slack : 0.720
TNS   : 0.000

Type  : Slow 1100mV 85C Model Minimum Pulse Width 'SCOMP:inst|IO_CYCLE'
Slack : -0.394
TNS   : -27.450

Type  : Slow 1100mV 85C Model Minimum Pulse Width 'clk_div:inst5|clock_10Hz'
Slack : -0.394
TNS   : -13.824

Type  : Slow 1100mV 85C Model Minimum Pulse Width 'inst1|pll_main_inst|altera_pll_i|general[0].gpll~FRACTIONAL_PLL|vcoph[0]'
Slack : 1.666
TNS   : 0.000

Type  : Slow 1100mV 85C Model Minimum Pulse Width 'clock_50'
Slack : 9.670
TNS   : 0.000

Type  : Slow 1100mV 85C Model Minimum Pulse Width 'inst1|pll_main_inst|altera_pll_i|general[0].gpll~PLL_OUTPUT_COUNTER|divclk'
Slack : 48.776
TNS   : 0.000

Type  : Slow 1100mV 0C Model Setup 'SCOMP:inst|IO_CYCLE'
Slack : -12.664
TNS   : -447.718

Type  : Slow 1100mV 0C Model Setup 'inst1|pll_main_inst|altera_pll_i|general[0].gpll~PLL_OUTPUT_COUNTER|divclk'
Slack : -6.008
TNS   : -86.771

Type  : Slow 1100mV 0C Model Setup 'clk_div:inst5|clock_10Hz'
Slack : -1.851
TNS   : -40.375

Type  : Slow 1100mV 0C Model Hold 'inst1|pll_main_inst|altera_pll_i|general[0].gpll~PLL_OUTPUT_COUNTER|divclk'
Slack : -0.773
TNS   : -0.773

Type  : Slow 1100mV 0C Model Hold 'clk_div:inst5|clock_10Hz'
Slack : 0.397
TNS   : 0.000

Type  : Slow 1100mV 0C Model Hold 'SCOMP:inst|IO_CYCLE'
Slack : 1.226
TNS   : 0.000

Type  : Slow 1100mV 0C Model Recovery 'clk_div:inst5|clock_10Hz'
Slack : -8.721
TNS   : -235.405

Type  : Slow 1100mV 0C Model Removal 'clk_div:inst5|clock_10Hz'
Slack : 0.753
TNS   : 0.000

Type  : Slow 1100mV 0C Model Minimum Pulse Width 'SCOMP:inst|IO_CYCLE'
Slack : -0.394
TNS   : -26.931

Type  : Slow 1100mV 0C Model Minimum Pulse Width 'clk_div:inst5|clock_10Hz'
Slack : -0.394
TNS   : -13.851

Type  : Slow 1100mV 0C Model Minimum Pulse Width 'inst1|pll_main_inst|altera_pll_i|general[0].gpll~FRACTIONAL_PLL|vcoph[0]'
Slack : 1.666
TNS   : 0.000

Type  : Slow 1100mV 0C Model Minimum Pulse Width 'clock_50'
Slack : 9.673
TNS   : 0.000

Type  : Slow 1100mV 0C Model Minimum Pulse Width 'inst1|pll_main_inst|altera_pll_i|general[0].gpll~PLL_OUTPUT_COUNTER|divclk'
Slack : 48.762
TNS   : 0.000

Type  : Fast 1100mV 85C Model Setup 'SCOMP:inst|IO_CYCLE'
Slack : -7.412
TNS   : -260.425

Type  : Fast 1100mV 85C Model Setup 'inst1|pll_main_inst|altera_pll_i|general[0].gpll~PLL_OUTPUT_COUNTER|divclk'
Slack : -5.194
TNS   : -76.366

Type  : Fast 1100mV 85C Model Setup 'clk_div:inst5|clock_10Hz'
Slack : -0.608
TNS   : -12.604

Type  : Fast 1100mV 85C Model Hold 'clk_div:inst5|clock_10Hz'
Slack : 0.161
TNS   : 0.000

Type  : Fast 1100mV 85C Model Hold 'inst1|pll_main_inst|altera_pll_i|general[0].gpll~PLL_OUTPUT_COUNTER|divclk'
Slack : 0.180
TNS   : 0.000

Type  : Fast 1100mV 85C Model Hold 'SCOMP:inst|IO_CYCLE'
Slack : 0.887
TNS   : 0.000

Type  : Fast 1100mV 85C Model Recovery 'clk_div:inst5|clock_10Hz'
Slack : -4.464
TNS   : -120.502

Type  : Fast 1100mV 85C Model Removal 'clk_div:inst5|clock_10Hz'
Slack : 0.234
TNS   : 0.000

Type  : Fast 1100mV 85C Model Minimum Pulse Width 'SCOMP:inst|IO_CYCLE'
Slack : -0.058
TNS   : -0.597

Type  : Fast 1100mV 85C Model Minimum Pulse Width 'clk_div:inst5|clock_10Hz'
Slack : 0.140
TNS   : 0.000

Type  : Fast 1100mV 85C Model Minimum Pulse Width 'inst1|pll_main_inst|altera_pll_i|general[0].gpll~FRACTIONAL_PLL|vcoph[0]'
Slack : 1.666
TNS   : 0.000

Type  : Fast 1100mV 85C Model Minimum Pulse Width 'clock_50'
Slack : 9.336
TNS   : 0.000

Type  : Fast 1100mV 85C Model Minimum Pulse Width 'inst1|pll_main_inst|altera_pll_i|general[0].gpll~PLL_OUTPUT_COUNTER|divclk'
Slack : 48.891
TNS   : 0.000

Type  : Fast 1100mV 0C Model Setup 'SCOMP:inst|IO_CYCLE'
Slack : -6.834
TNS   : -238.294

Type  : Fast 1100mV 0C Model Setup 'inst1|pll_main_inst|altera_pll_i|general[0].gpll~PLL_OUTPUT_COUNTER|divclk'
Slack : -4.156
TNS   : -60.582

Type  : Fast 1100mV 0C Model Setup 'clk_div:inst5|clock_10Hz'
Slack : -0.564
TNS   : -11.276

Type  : Fast 1100mV 0C Model Hold 'inst1|pll_main_inst|altera_pll_i|general[0].gpll~PLL_OUTPUT_COUNTER|divclk'
Slack : -0.019
TNS   : -0.019

Type  : Fast 1100mV 0C Model Hold 'clk_div:inst5|clock_10Hz'
Slack : 0.143
TNS   : 0.000

Type  : Fast 1100mV 0C Model Hold 'SCOMP:inst|IO_CYCLE'
Slack : 0.699
TNS   : 0.000

Type  : Fast 1100mV 0C Model Recovery 'clk_div:inst5|clock_10Hz'
Slack : -4.264
TNS   : -115.102

Type  : Fast 1100mV 0C Model Removal 'clk_div:inst5|clock_10Hz'
Slack : 0.210
TNS   : 0.000

Type  : Fast 1100mV 0C Model Minimum Pulse Width 'SCOMP:inst|IO_CYCLE'
Slack : -0.023
TNS   : -0.139

Type  : Fast 1100mV 0C Model Minimum Pulse Width 'clk_div:inst5|clock_10Hz'
Slack : 0.142
TNS   : 0.000

Type  : Fast 1100mV 0C Model Minimum Pulse Width 'inst1|pll_main_inst|altera_pll_i|general[0].gpll~FRACTIONAL_PLL|vcoph[0]'
Slack : 1.666
TNS   : 0.000

Type  : Fast 1100mV 0C Model Minimum Pulse Width 'clock_50'
Slack : 9.286
TNS   : 0.000

Type  : Fast 1100mV 0C Model Minimum Pulse Width 'inst1|pll_main_inst|altera_pll_i|general[0].gpll~PLL_OUTPUT_COUNTER|divclk'
Slack : 48.889
TNS   : 0.000

------------------------------------------------------------
